============================= test session starts ==============================
platform linux -- Python 3.13.5, pytest-9.0.2, pluggy-1.6.0
rootdir: /home/mmokrejs/proj/mutation_scatter_plot
configfile: pyproject.toml
plugins: cov-7.0.0
collected 8453 items

tests/test_calculate_codon_frequencies.py .....................          [  0%]
tests/test_colormap_alignment.py ..............                          [  0%]
tests/test_mutation_scatter_plot.py FF........FFF                                                                [  0%]
tests/test_pipeline_scripts.py .................................         [  0%]
tests/test_render_functions.py ..........................                [  1%]
tests/test_reversecomplement_reads_on_minus.py .........                 [  1%]
tests/test_scaling_logic.py ....                                         [  1%]
tests/test_translation.py .............................................. [  1%]
........................................................................ [  2%]
........................................................................ [  3%]
........................................................................ [  4%]
........................................................................ [  5%]
........................................................................ [  6%]
........................................................................ [  7%]
........................................................................ [  7%]
........................................................................ [  8%]
........................................................................ [  9%]
........................................................................ [ 10%]
........................................................................ [ 11%]
........................................................................ [ 12%]
........................................................................ [ 13%]
........................................................................ [ 13%]
........................................................................ [ 14%]
........................................................................ [ 15%]
........................................................................ [ 16%]
........................................................................ [ 17%]
........................................................................ [ 18%]
........................................................................ [ 18%]
........................................................................ [ 19%]
........................................................................ [ 20%]
........................................................................ [ 21%]
........................................................................ [ 22%]
........................................................................ [ 23%]
........................................................................ [ 24%]
........................................................................ [ 24%]
........................................................................ [ 25%]
........................................................................ [ 26%]
........................................................................ [ 27%]
........................................................................ [ 28%]
........................................................................ [ 29%]
........................................................................ [ 30%]
........................................................................ [ 30%]
........................................................................ [ 31%]
........................................................................ [ 32%]
........................................................................ [ 33%]
........................................................................ [ 34%]
........................................................................ [ 35%]
........................................................................ [ 36%]
........................................................................ [ 36%]
........................................................................ [ 37%]
........................................................................ [ 38%]
........................................................................ [ 39%]
........................................................................ [ 40%]
........................................................................ [ 41%]
........................................................................ [ 41%]
........................................................................ [ 42%]
........................................................................ [ 43%]
........................................................................ [ 44%]
........................................................................ [ 45%]
........................................................................ [ 46%]
........................................................................ [ 47%]
........................................................................ [ 47%]
........................................................................ [ 48%]
........................................................................ [ 49%]
........................................................................ [ 50%]
........................................................................ [ 51%]
........................................................................ [ 52%]
........................................................................ [ 53%]
........................................................................ [ 53%]
........................................................................ [ 54%]
........................................................................ [ 55%]
........................................................................ [ 56%]
........................................................................ [ 57%]
........................................................................ [ 58%]
........................................................................ [ 59%]
........................................................................ [ 59%]
........................................................................ [ 60%]
........................................................................ [ 61%]
........................................................................ [ 62%]
........................................................................ [ 63%]
........................................................................ [ 64%]
........................................................................ [ 64%]
........................................................................ [ 65%]
........................................................................ [ 66%]
........................................................................ [ 67%]
........................................................................ [ 68%]
........................................................................ [ 69%]
........................................................................ [ 70%]
........................................................................ [ 70%]
........................................................................ [ 71%]
........................................................................ [ 72%]
........................................................................ [ 73%]
........................................................................ [ 74%]
........................................................................ [ 75%]
........................................................................ [ 76%]
........................................................................ [ 76%]
........................................................................ [ 77%]
........................................................................ [ 78%]
........................................................................ [ 79%]
........................................................................ [ 80%]
........................................................................ [ 81%]
........................................................................ [ 82%]
........................................................................ [ 82%]
........................................................................ [ 83%]
........................................................................ [ 84%]
........................................................................ [ 85%]
........................................................................ [ 86%]
........................................................................ [ 87%]
........................................................................ [ 87%]
........................................................................ [ 88%]
........................................................................ [ 89%]
........................................................................ [ 90%]
........................................................................ [ 91%]
........................................................................ [ 92%]
........................................................................ [ 93%]
........................................................................ [ 93%]
........................................................................ [ 94%]
........................................................................ [ 95%]
........................................................................ [ 96%]
........................................................................ [ 97%]
........................................................................ [ 98%]
........................................................................ [ 99%]
........................................................................ [ 99%]
.......                                                                  [100%]

=================================== FAILURES ===================================
_______________ TestMutationScatterPlot.test4_compare_aminoacids _______________

self = <tests.test_mutation_scatter_plot.TestMutationScatterPlot testMethod=test4_compare_aminoacids>

    def test4_compare_aminoacids(self):
        """mutation_scatter_plot pairwise compare: --aminoacids vs --aminoacids --include-synonymous HTML JSONs"""
        # pylint: disable=too-many-locals
        with tempfile.TemporaryDirectory() as tmpdir:
            full_tsv = os.path.join(self.outputs_dir, "test2_full.x_after_count.frequencies.tsv")
            # Run A
            target_prefix_a = "test_run_test4A"
            outfile_prefix_a = os.path.join(tmpdir, target_prefix_a)
            cmd_args_a = [
                "--tsv", full_tsv,
                "--outfile-prefix", outfile_prefix_a,
                "--aminoacids",
                "--show-STOP", "--show-X", "--show-DEL", "--show-INS",
                "--threshold=0.01",
                "--disable-showing-bokeh", "--disable-showing-mplcursors"
            ]
            res_a_code, res_a_out = self._invoke_cli(cmd_args_a)
            self.assertEqual(res_a_code, 0, f"Command A failed:\n{res_a_out}")

            # Run B
            target_prefix_b = "test_run_test4B"
            outfile_prefix_b = os.path.join(tmpdir, target_prefix_b)
            cmd_args_b = [
                "--tsv", full_tsv,
                "--outfile-prefix", outfile_prefix_b,
                "--aminoacids",
                "--show-STOP", "--show-X", "--show-DEL", "--show-INS",
                "--include-synonymous",
                "--threshold=0.01",
                "--disable-showing-bokeh", "--disable-showing-mplcursors"
            ]
            res_b_code, res_b_out = self._invoke_cli(cmd_args_b)
>           self.assertEqual(res_b_code, 0, f"Command B failed:\n{res_b_out}")
E           AssertionError: 1 != 0 : Command B failed:
E
E           threads can only be started once
E           Traceback (most recent call last):
E             File "/home/mmokrejs/proj/mutation_scatter_plot/tests/test_mutation_scatter_plot.py", line 81, in _invoke_cli
E               mutation_scatter_plot_main()
E               ~~~~~~~~~~~~~~~~~~~~~~~~~~^^
E             File "/home/mmokrejs/proj/mutation_scatter_plot/src/mutation_scatter_plot/mutation_scatter_plot/cli.py", line 231, in main
E               PROFILER.start()
E               ~~~~~~~~~~~~~~^^
E             File "/usr/lib/python3.13/threading.py", line 969, in start
E               raise RuntimeError("threads can only be started once")
E           RuntimeError: threads can only be started once

tests/test_mutation_scatter_plot.py:416: AssertionError
_________________ TestMutationScatterPlot.test5_compare_codons _________________

self = <tests.test_mutation_scatter_plot.TestMutationScatterPlot testMethod=test5_compare_codons>

    def test5_compare_codons(self):
        """mutation_scatter_plot pairwise compare: codon mode vs codon mode --include-synonymous HTML JSONs"""
        # pylint: disable=too-many-locals
        with tempfile.TemporaryDirectory() as tmpdir:
            full_tsv = os.path.join(self.outputs_dir, "test2_full.x_after_count.frequencies.tsv")
            # Run A
            target_prefix_a = "test_run_test5A"
            outfile_prefix_a = os.path.join(tmpdir, target_prefix_a)
            cmd_args_a = [
                "--tsv", full_tsv,
                "--outfile-prefix", outfile_prefix_a,
                "--show-STOP", "--show-X", "--show-DEL", "--show-INS",
                "--threshold=0.001"
            ]
            res_a_code, res_a_out = self._invoke_cli(cmd_args_a)
>           self.assertEqual(res_a_code, 0, f"Command A failed:\n{res_a_out}")
E           AssertionError: 1 != 0 : Command A failed:
E
E           threads can only be started once
E           Traceback (most recent call last):
E             File "/home/mmokrejs/proj/mutation_scatter_plot/tests/test_mutation_scatter_plot.py", line 81, in _invoke_cli
E               mutation_scatter_plot_main()
E               ~~~~~~~~~~~~~~~~~~~~~~~~~~^^
E             File "/home/mmokrejs/proj/mutation_scatter_plot/src/mutation_scatter_plot/mutation_scatter_plot/cli.py", line 231, in main
E               PROFILER.start()
E               ~~~~~~~~~~~~~~^^
E             File "/usr/lib/python3.13/threading.py", line 969, in start
E               raise RuntimeError("threads can only be started once")
E           RuntimeError: threads can only be started once

tests/test_mutation_scatter_plot.py:481: AssertionError
__ TestMutationScatterPlot.test_all_inputs_aminoacids (name='test1.default') ___

self = <tests.test_mutation_scatter_plot.TestMutationScatterPlot testMethod=test_all_inputs_aminoacids>

    def test_all_inputs_aminoacids(self):
        """mutation_scatter_plot --aminoacids for all inputs"""
        test_inputs = [
            ("test1.default", "test1.default.frequencies.tsv"),
            ("test2.x_after_count", "test2.x_after_count.frequencies.tsv"),
            ("test2_full.x_after_count", "test2_full.x_after_count.frequencies.tsv"),
            ("test3.default", "test3.default.frequencies.tsv"),
        ]
        for name, tsv_file in test_inputs:
            with self.subTest(name=name):
                with tempfile.TemporaryDirectory() as tmpdir:
                    target_prefix = "test_run"
                    outfile_prefix = os.path.join(tmpdir, target_prefix)
                    tsv_path = os.path.join(self.outputs_dir, tsv_file)
                    cmd_args = [
                        "--tsv", tsv_path,
                        "--outfile-prefix", outfile_prefix,
                        "--aminoacids",
                        "--show-STOP", "--show-X", "--show-DEL", "--show-INS",
                        "--threshold=0.001",
                        "--disable-showing-bokeh", "--disable-showing-mplcursors"
                    ]
                    returncode, output = self._invoke_cli(cmd_args)
>                   self.assertEqual(returncode, 0, f"Command failed for {name}:\n{output}")
E                   AssertionError: 1 != 0 : Command failed for test1.default:
E
E                   threads can only be started once
E                   Traceback (most recent call last):
E                     File "/home/mmokrejs/proj/mutation_scatter_plot/tests/test_mutation_scatter_plot.py", line 81, in _invoke_cli
E                       mutation_scatter_plot_main()
E                       ~~~~~~~~~~~~~~~~~~~~~~~~~~^^
E                     File "/home/mmokrejs/proj/mutation_scatter_plot/src/mutation_scatter_plot/mutation_scatter_plot/cli.py", line 231, in main
E                       PROFILER.start()
E                       ~~~~~~~~~~~~~~^^
E                     File "/usr/lib/python3.13/threading.py", line 969, in start
E                       raise RuntimeError("threads can only be started once")
E                   RuntimeError: threads can only be started once

tests/test_mutation_scatter_plot.py:195: AssertionError
_ TestMutationScatterPlot.test_all_inputs_aminoacids (name='test2.x_after_count') _

self = <tests.test_mutation_scatter_plot.TestMutationScatterPlot testMethod=test_all_inputs_aminoacids>

    def test_all_inputs_aminoacids(self):
        """mutation_scatter_plot --aminoacids for all inputs"""
        test_inputs = [
            ("test1.default", "test1.default.frequencies.tsv"),
            ("test2.x_after_count", "test2.x_after_count.frequencies.tsv"),
            ("test2_full.x_after_count", "test2_full.x_after_count.frequencies.tsv"),
            ("test3.default", "test3.default.frequencies.tsv"),
        ]
        for name, tsv_file in test_inputs:
            with self.subTest(name=name):
                with tempfile.TemporaryDirectory() as tmpdir:
                    target_prefix = "test_run"
                    outfile_prefix = os.path.join(tmpdir, target_prefix)
                    tsv_path = os.path.join(self.outputs_dir, tsv_file)
                    cmd_args = [
                        "--tsv", tsv_path,
                        "--outfile-prefix", outfile_prefix,
                        "--aminoacids",
                        "--show-STOP", "--show-X", "--show-DEL", "--show-INS",
                        "--threshold=0.001",
                        "--disable-showing-bokeh", "--disable-showing-mplcursors"
                    ]
                    returncode, output = self._invoke_cli(cmd_args)
>                   self.assertEqual(returncode, 0, f"Command failed for {name}:\n{output}")
E                   AssertionError: 1 != 0 : Command failed for test2.x_after_count:
E
E                   threads can only be started once
E                   Traceback (most recent call last):
E                     File "/home/mmokrejs/proj/mutation_scatter_plot/tests/test_mutation_scatter_plot.py", line 81, in _invoke_cli
E                       mutation_scatter_plot_main()
E                       ~~~~~~~~~~~~~~~~~~~~~~~~~~^^
E                     File "/home/mmokrejs/proj/mutation_scatter_plot/src/mutation_scatter_plot/mutation_scatter_plot/cli.py", line 231, in main
E                       PROFILER.start()
E                       ~~~~~~~~~~~~~~^^
E                     File "/usr/lib/python3.13/threading.py", line 969, in start
E                       raise RuntimeError("threads can only be started once")
E                   RuntimeError: threads can only be started once

tests/test_mutation_scatter_plot.py:195: AssertionError
_ TestMutationScatterPlot.test_all_inputs_aminoacids (name='test2_full.x_after_count') _

self = <tests.test_mutation_scatter_plot.TestMutationScatterPlot testMethod=test_all_inputs_aminoacids>

    def test_all_inputs_aminoacids(self):
        """mutation_scatter_plot --aminoacids for all inputs"""
        test_inputs = [
            ("test1.default", "test1.default.frequencies.tsv"),
            ("test2.x_after_count", "test2.x_after_count.frequencies.tsv"),
            ("test2_full.x_after_count", "test2_full.x_after_count.frequencies.tsv"),
            ("test3.default", "test3.default.frequencies.tsv"),
        ]
        for name, tsv_file in test_inputs:
            with self.subTest(name=name):
                with tempfile.TemporaryDirectory() as tmpdir:
                    target_prefix = "test_run"
                    outfile_prefix = os.path.join(tmpdir, target_prefix)
                    tsv_path = os.path.join(self.outputs_dir, tsv_file)
                    cmd_args = [
                        "--tsv", tsv_path,
                        "--outfile-prefix", outfile_prefix,
                        "--aminoacids",
                        "--show-STOP", "--show-X", "--show-DEL", "--show-INS",
                        "--threshold=0.001",
                        "--disable-showing-bokeh", "--disable-showing-mplcursors"
                    ]
                    returncode, output = self._invoke_cli(cmd_args)
>                   self.assertEqual(returncode, 0, f"Command failed for {name}:\n{output}")
E                   AssertionError: 1 != 0 : Command failed for test2_full.x_after_count:
E
E                   threads can only be started once
E                   Traceback (most recent call last):
E                     File "/home/mmokrejs/proj/mutation_scatter_plot/tests/test_mutation_scatter_plot.py", line 81, in _invoke_cli
E                       mutation_scatter_plot_main()
E                       ~~~~~~~~~~~~~~~~~~~~~~~~~~^^
E                     File "/home/mmokrejs/proj/mutation_scatter_plot/src/mutation_scatter_plot/mutation_scatter_plot/cli.py", line 231, in main
E                       PROFILER.start()
E                       ~~~~~~~~~~~~~~^^
E                     File "/usr/lib/python3.13/threading.py", line 969, in start
E                       raise RuntimeError("threads can only be started once")
E                   RuntimeError: threads can only be started once

tests/test_mutation_scatter_plot.py:195: AssertionError
__ TestMutationScatterPlot.test_all_inputs_aminoacids (name='test3.default') ___

self = <tests.test_mutation_scatter_plot.TestMutationScatterPlot testMethod=test_all_inputs_aminoacids>

    def test_all_inputs_aminoacids(self):
        """mutation_scatter_plot --aminoacids for all inputs"""
        test_inputs = [
            ("test1.default", "test1.default.frequencies.tsv"),
            ("test2.x_after_count", "test2.x_after_count.frequencies.tsv"),
            ("test2_full.x_after_count", "test2_full.x_after_count.frequencies.tsv"),
            ("test3.default", "test3.default.frequencies.tsv"),
        ]
        for name, tsv_file in test_inputs:
            with self.subTest(name=name):
                with tempfile.TemporaryDirectory() as tmpdir:
                    target_prefix = "test_run"
                    outfile_prefix = os.path.join(tmpdir, target_prefix)
                    tsv_path = os.path.join(self.outputs_dir, tsv_file)
                    cmd_args = [
                        "--tsv", tsv_path,
                        "--outfile-prefix", outfile_prefix,
                        "--aminoacids",
                        "--show-STOP", "--show-X", "--show-DEL", "--show-INS",
                        "--threshold=0.001",
                        "--disable-showing-bokeh", "--disable-showing-mplcursors"
                    ]
                    returncode, output = self._invoke_cli(cmd_args)
>                   self.assertEqual(returncode, 0, f"Command failed for {name}:\n{output}")
E                   AssertionError: 1 != 0 : Command failed for test3.default:
E
E                   threads can only be started once
E                   Traceback (most recent call last):
E                     File "/home/mmokrejs/proj/mutation_scatter_plot/tests/test_mutation_scatter_plot.py", line 81, in _invoke_cli
E                       mutation_scatter_plot_main()
E                       ~~~~~~~~~~~~~~~~~~~~~~~~~~^^
E                     File "/home/mmokrejs/proj/mutation_scatter_plot/src/mutation_scatter_plot/mutation_scatter_plot/cli.py", line 231, in main
E                       PROFILER.start()
E                       ~~~~~~~~~~~~~~^^
E                     File "/usr/lib/python3.13/threading.py", line 969, in start
E                       raise RuntimeError("threads can only be started once")
E                   RuntimeError: threads can only be started once

tests/test_mutation_scatter_plot.py:195: AssertionError
_ TestMutationScatterPlot.test_all_inputs_aminoacids_coolwarm_r (name='test1.default') _

self = <tests.test_mutation_scatter_plot.TestMutationScatterPlot testMethod=test_all_inputs_aminoacids_coolwarm_r>

    def test_all_inputs_aminoacids_coolwarm_r(self):
        """mutation_scatter_plot --aminoacids with --colormap=coolwarm_r (standard Normalize path)"""
        test_inputs = [
            ("test1.default", "test1.default.frequencies.tsv"),
            ("test2.x_after_count", "test2.x_after_count.frequencies.tsv"),
            ("test2_full.x_after_count", "test2_full.x_after_count.frequencies.tsv"),
            ("test3.default", "test3.default.frequencies.tsv"),
        ]
        for name, tsv_file in test_inputs:
            with self.subTest(name=name):
                with tempfile.TemporaryDirectory() as tmpdir:
                    target_prefix = "test_run"
                    outfile_prefix = os.path.join(tmpdir, target_prefix)
                    tsv_path = os.path.join(self.outputs_dir, tsv_file)
                    cmd_args = [
                        "--tsv", tsv_path,
                        "--outfile-prefix", outfile_prefix,
                        "--aminoacids",
                        "--show-STOP", "--show-X", "--show-DEL", "--show-INS",
                        "--colormap=coolwarm_r",
                        "--threshold=0.001",
                        "--disable-showing-bokeh", "--disable-showing-mplcursors"
                    ]
                    returncode, output = self._invoke_cli(cmd_args)
>                   self.assertEqual(returncode, 0, f"Command failed for {name}:\n{output}")
E                   AssertionError: 1 != 0 : Command failed for test1.default:
E
E                   threads can only be started once
E                   Traceback (most recent call last):
E                     File "/home/mmokrejs/proj/mutation_scatter_plot/tests/test_mutation_scatter_plot.py", line 81, in _invoke_cli
E                       mutation_scatter_plot_main()
E                       ~~~~~~~~~~~~~~~~~~~~~~~~~~^^
E                     File "/home/mmokrejs/proj/mutation_scatter_plot/src/mutation_scatter_plot/mutation_scatter_plot/cli.py", line 231, in main
E                       PROFILER.start()
E                       ~~~~~~~~~~~~~~^^
E                     File "/usr/lib/python3.13/threading.py", line 969, in start
E                       raise RuntimeError("threads can only be started once")
E                   RuntimeError: threads can only be started once

tests/test_mutation_scatter_plot.py:326: AssertionError
_ TestMutationScatterPlot.test_all_inputs_aminoacids_coolwarm_r (name='test2.x_after_count') _

self = <tests.test_mutation_scatter_plot.TestMutationScatterPlot testMethod=test_all_inputs_aminoacids_coolwarm_r>

    def test_all_inputs_aminoacids_coolwarm_r(self):
        """mutation_scatter_plot --aminoacids with --colormap=coolwarm_r (standard Normalize path)"""
        test_inputs = [
            ("test1.default", "test1.default.frequencies.tsv"),
            ("test2.x_after_count", "test2.x_after_count.frequencies.tsv"),
            ("test2_full.x_after_count", "test2_full.x_after_count.frequencies.tsv"),
            ("test3.default", "test3.default.frequencies.tsv"),
        ]
        for name, tsv_file in test_inputs:
            with self.subTest(name=name):
                with tempfile.TemporaryDirectory() as tmpdir:
                    target_prefix = "test_run"
                    outfile_prefix = os.path.join(tmpdir, target_prefix)
                    tsv_path = os.path.join(self.outputs_dir, tsv_file)
                    cmd_args = [
                        "--tsv", tsv_path,
                        "--outfile-prefix", outfile_prefix,
                        "--aminoacids",
                        "--show-STOP", "--show-X", "--show-DEL", "--show-INS",
                        "--colormap=coolwarm_r",
                        "--threshold=0.001",
                        "--disable-showing-bokeh", "--disable-showing-mplcursors"
                    ]
                    returncode, output = self._invoke_cli(cmd_args)
>                   self.assertEqual(returncode, 0, f"Command failed for {name}:\n{output}")
E                   AssertionError: 1 != 0 : Command failed for test2.x_after_count:
E
E                   threads can only be started once
E                   Traceback (most recent call last):
E                     File "/home/mmokrejs/proj/mutation_scatter_plot/tests/test_mutation_scatter_plot.py", line 81, in _invoke_cli
E                       mutation_scatter_plot_main()
E                       ~~~~~~~~~~~~~~~~~~~~~~~~~~^^
E                     File "/home/mmokrejs/proj/mutation_scatter_plot/src/mutation_scatter_plot/mutation_scatter_plot/cli.py", line 231, in main
E                       PROFILER.start()
E                       ~~~~~~~~~~~~~~^^
E                     File "/usr/lib/python3.13/threading.py", line 969, in start
E                       raise RuntimeError("threads can only be started once")
E                   RuntimeError: threads can only be started once

tests/test_mutation_scatter_plot.py:326: AssertionError
_ TestMutationScatterPlot.test_all_inputs_aminoacids_coolwarm_r (name='test2_full.x_after_count') _

self = <tests.test_mutation_scatter_plot.TestMutationScatterPlot testMethod=test_all_inputs_aminoacids_coolwarm_r>

    def test_all_inputs_aminoacids_coolwarm_r(self):
        """mutation_scatter_plot --aminoacids with --colormap=coolwarm_r (standard Normalize path)"""
        test_inputs = [
            ("test1.default", "test1.default.frequencies.tsv"),
            ("test2.x_after_count", "test2.x_after_count.frequencies.tsv"),
            ("test2_full.x_after_count", "test2_full.x_after_count.frequencies.tsv"),
            ("test3.default", "test3.default.frequencies.tsv"),
        ]
        for name, tsv_file in test_inputs:
            with self.subTest(name=name):
                with tempfile.TemporaryDirectory() as tmpdir:
                    target_prefix = "test_run"
                    outfile_prefix = os.path.join(tmpdir, target_prefix)
                    tsv_path = os.path.join(self.outputs_dir, tsv_file)
                    cmd_args = [
                        "--tsv", tsv_path,
                        "--outfile-prefix", outfile_prefix,
                        "--aminoacids",
                        "--show-STOP", "--show-X", "--show-DEL", "--show-INS",
                        "--colormap=coolwarm_r",
                        "--threshold=0.001",
                        "--disable-showing-bokeh", "--disable-showing-mplcursors"
                    ]
                    returncode, output = self._invoke_cli(cmd_args)
>                   self.assertEqual(returncode, 0, f"Command failed for {name}:\n{output}")
E                   AssertionError: 1 != 0 : Command failed for test2_full.x_after_count:
E
E                   threads can only be started once
E                   Traceback (most recent call last):
E                     File "/home/mmokrejs/proj/mutation_scatter_plot/tests/test_mutation_scatter_plot.py", line 81, in _invoke_cli
E                       mutation_scatter_plot_main()
E                       ~~~~~~~~~~~~~~~~~~~~~~~~~~^^
E                     File "/home/mmokrejs/proj/mutation_scatter_plot/src/mutation_scatter_plot/mutation_scatter_plot/cli.py", line 231, in main
E                       PROFILER.start()
E                       ~~~~~~~~~~~~~~^^
E                     File "/usr/lib/python3.13/threading.py", line 969, in start
E                       raise RuntimeError("threads can only be started once")
E                   RuntimeError: threads can only be started once

tests/test_mutation_scatter_plot.py:326: AssertionError
_ TestMutationScatterPlot.test_all_inputs_aminoacids_coolwarm_r (name='test3.default') _

self = <tests.test_mutation_scatter_plot.TestMutationScatterPlot testMethod=test_all_inputs_aminoacids_coolwarm_r>

    def test_all_inputs_aminoacids_coolwarm_r(self):
        """mutation_scatter_plot --aminoacids with --colormap=coolwarm_r (standard Normalize path)"""
        test_inputs = [
            ("test1.default", "test1.default.frequencies.tsv"),
            ("test2.x_after_count", "test2.x_after_count.frequencies.tsv"),
            ("test2_full.x_after_count", "test2_full.x_after_count.frequencies.tsv"),
            ("test3.default", "test3.default.frequencies.tsv"),
        ]
        for name, tsv_file in test_inputs:
            with self.subTest(name=name):
                with tempfile.TemporaryDirectory() as tmpdir:
                    target_prefix = "test_run"
                    outfile_prefix = os.path.join(tmpdir, target_prefix)
                    tsv_path = os.path.join(self.outputs_dir, tsv_file)
                    cmd_args = [
                        "--tsv", tsv_path,
                        "--outfile-prefix", outfile_prefix,
                        "--aminoacids",
                        "--show-STOP", "--show-X", "--show-DEL", "--show-INS",
                        "--colormap=coolwarm_r",
                        "--threshold=0.001",
                        "--disable-showing-bokeh", "--disable-showing-mplcursors"
                    ]
                    returncode, output = self._invoke_cli(cmd_args)
>                   self.assertEqual(returncode, 0, f"Command failed for {name}:\n{output}")
E                   AssertionError: 1 != 0 : Command failed for test3.default:
E
E                   threads can only be started once
E                   Traceback (most recent call last):
E                     File "/home/mmokrejs/proj/mutation_scatter_plot/tests/test_mutation_scatter_plot.py", line 81, in _invoke_cli
E                       mutation_scatter_plot_main()
E                       ~~~~~~~~~~~~~~~~~~~~~~~~~~^^
E                     File "/home/mmokrejs/proj/mutation_scatter_plot/src/mutation_scatter_plot/mutation_scatter_plot/cli.py", line 231, in main
E                       PROFILER.start()
E                       ~~~~~~~~~~~~~~^^
E                     File "/usr/lib/python3.13/threading.py", line 969, in start
E                       raise RuntimeError("threads can only be started once")
E                   RuntimeError: threads can only be started once

tests/test_mutation_scatter_plot.py:326: AssertionError
_ TestMutationScatterPlot.test_all_inputs_aminoacids_coolwarm_r_synonymous (name='test1.default') _

self = <tests.test_mutation_scatter_plot.TestMutationScatterPlot testMethod=test_all_inputs_aminoacids_coolwarm_r_synonymous>

    def test_all_inputs_aminoacids_coolwarm_r_synonymous(self):
        """mutation_scatter_plot --aminoacids with --colormap=coolwarm_r --include-synonymous"""
        test_inputs = [
            ("test1.default", "test1.default.frequencies.tsv"),
            ("test2.x_after_count", "test2.x_after_count.frequencies.tsv"),
            ("test2_full.x_after_count", "test2_full.x_after_count.frequencies.tsv"),
            ("test3.default", "test3.default.frequencies.tsv"),
        ]
        for name, tsv_file in test_inputs:
            with self.subTest(name=name):
                with tempfile.TemporaryDirectory() as tmpdir:
                    target_prefix = "test_run"
                    outfile_prefix = os.path.join(tmpdir, target_prefix)
                    tsv_path = os.path.join(self.outputs_dir, tsv_file)
                    cmd_args = [
                        "--tsv", tsv_path,
                        "--outfile-prefix", outfile_prefix,
                        "--aminoacids",
                        "--show-STOP", "--show-X", "--show-DEL", "--show-INS",
                        "--include-synonymous",
                        "--colormap=coolwarm_r",
                        "--threshold=0.001",
                        "--disable-showing-bokeh", "--disable-showing-mplcursors"
                    ]
                    returncode, output = self._invoke_cli(cmd_args)
>                   self.assertEqual(returncode, 0, f"Command failed for {name}:\n{output}")
E                   AssertionError: 1 != 0 : Command failed for test1.default:
E
E                   threads can only be started once
E                   Traceback (most recent call last):
E                     File "/home/mmokrejs/proj/mutation_scatter_plot/tests/test_mutation_scatter_plot.py", line 81, in _invoke_cli
E                       mutation_scatter_plot_main()
E                       ~~~~~~~~~~~~~~~~~~~~~~~~~~^^
E                     File "/home/mmokrejs/proj/mutation_scatter_plot/src/mutation_scatter_plot/mutation_scatter_plot/cli.py", line 231, in main
E                       PROFILER.start()
E                       ~~~~~~~~~~~~~~^^
E                     File "/usr/lib/python3.13/threading.py", line 969, in start
E                       raise RuntimeError("threads can only be started once")
E                   RuntimeError: threads can only be started once

tests/test_mutation_scatter_plot.py:381: AssertionError
_ TestMutationScatterPlot.test_all_inputs_aminoacids_coolwarm_r_synonymous (name='test2.x_after_count') _

self = <tests.test_mutation_scatter_plot.TestMutationScatterPlot testMethod=test_all_inputs_aminoacids_coolwarm_r_synonymous>

    def test_all_inputs_aminoacids_coolwarm_r_synonymous(self):
        """mutation_scatter_plot --aminoacids with --colormap=coolwarm_r --include-synonymous"""
        test_inputs = [
            ("test1.default", "test1.default.frequencies.tsv"),
            ("test2.x_after_count", "test2.x_after_count.frequencies.tsv"),
            ("test2_full.x_after_count", "test2_full.x_after_count.frequencies.tsv"),
            ("test3.default", "test3.default.frequencies.tsv"),
        ]
        for name, tsv_file in test_inputs:
            with self.subTest(name=name):
                with tempfile.TemporaryDirectory() as tmpdir:
                    target_prefix = "test_run"
                    outfile_prefix = os.path.join(tmpdir, target_prefix)
                    tsv_path = os.path.join(self.outputs_dir, tsv_file)
                    cmd_args = [
                        "--tsv", tsv_path,
                        "--outfile-prefix", outfile_prefix,
                        "--aminoacids",
                        "--show-STOP", "--show-X", "--show-DEL", "--show-INS",
                        "--include-synonymous",
                        "--colormap=coolwarm_r",
                        "--threshold=0.001",
                        "--disable-showing-bokeh", "--disable-showing-mplcursors"
                    ]
                    returncode, output = self._invoke_cli(cmd_args)
>                   self.assertEqual(returncode, 0, f"Command failed for {name}:\n{output}")
E                   AssertionError: 1 != 0 : Command failed for test2.x_after_count:
E
E                   threads can only be started once
E                   Traceback (most recent call last):
E                     File "/home/mmokrejs/proj/mutation_scatter_plot/tests/test_mutation_scatter_plot.py", line 81, in _invoke_cli
E                       mutation_scatter_plot_main()
E                       ~~~~~~~~~~~~~~~~~~~~~~~~~~^^
E                     File "/home/mmokrejs/proj/mutation_scatter_plot/src/mutation_scatter_plot/mutation_scatter_plot/cli.py", line 231, in main
E                       PROFILER.start()
E                       ~~~~~~~~~~~~~~^^
E                     File "/usr/lib/python3.13/threading.py", line 969, in start
E                       raise RuntimeError("threads can only be started once")
E                   RuntimeError: threads can only be started once

tests/test_mutation_scatter_plot.py:381: AssertionError
_ TestMutationScatterPlot.test_all_inputs_aminoacids_coolwarm_r_synonymous (name='test2_full.x_after_count') _

self = <tests.test_mutation_scatter_plot.TestMutationScatterPlot testMethod=test_all_inputs_aminoacids_coolwarm_r_synonymous>

    def test_all_inputs_aminoacids_coolwarm_r_synonymous(self):
        """mutation_scatter_plot --aminoacids with --colormap=coolwarm_r --include-synonymous"""
        test_inputs = [
            ("test1.default", "test1.default.frequencies.tsv"),
            ("test2.x_after_count", "test2.x_after_count.frequencies.tsv"),
            ("test2_full.x_after_count", "test2_full.x_after_count.frequencies.tsv"),
            ("test3.default", "test3.default.frequencies.tsv"),
        ]
        for name, tsv_file in test_inputs:
            with self.subTest(name=name):
                with tempfile.TemporaryDirectory() as tmpdir:
                    target_prefix = "test_run"
                    outfile_prefix = os.path.join(tmpdir, target_prefix)
                    tsv_path = os.path.join(self.outputs_dir, tsv_file)
                    cmd_args = [
                        "--tsv", tsv_path,
                        "--outfile-prefix", outfile_prefix,
                        "--aminoacids",
                        "--show-STOP", "--show-X", "--show-DEL", "--show-INS",
                        "--include-synonymous",
                        "--colormap=coolwarm_r",
                        "--threshold=0.001",
                        "--disable-showing-bokeh", "--disable-showing-mplcursors"
                    ]
                    returncode, output = self._invoke_cli(cmd_args)
>                   self.assertEqual(returncode, 0, f"Command failed for {name}:\n{output}")
E                   AssertionError: 1 != 0 : Command failed for test2_full.x_after_count:
E
E                   threads can only be started once
E                   Traceback (most recent call last):
E                     File "/home/mmokrejs/proj/mutation_scatter_plot/tests/test_mutation_scatter_plot.py", line 81, in _invoke_cli
E                       mutation_scatter_plot_main()
E                       ~~~~~~~~~~~~~~~~~~~~~~~~~~^^
E                     File "/home/mmokrejs/proj/mutation_scatter_plot/src/mutation_scatter_plot/mutation_scatter_plot/cli.py", line 231, in main
E                       PROFILER.start()
E                       ~~~~~~~~~~~~~~^^
E                     File "/usr/lib/python3.13/threading.py", line 969, in start
E                       raise RuntimeError("threads can only be started once")
E                   RuntimeError: threads can only be started once

tests/test_mutation_scatter_plot.py:381: AssertionError
_ TestMutationScatterPlot.test_all_inputs_aminoacids_coolwarm_r_synonymous (name='test3.default') _

self = <tests.test_mutation_scatter_plot.TestMutationScatterPlot testMethod=test_all_inputs_aminoacids_coolwarm_r_synonymous>

    def test_all_inputs_aminoacids_coolwarm_r_synonymous(self):
        """mutation_scatter_plot --aminoacids with --colormap=coolwarm_r --include-synonymous"""
        test_inputs = [
            ("test1.default", "test1.default.frequencies.tsv"),
            ("test2.x_after_count", "test2.x_after_count.frequencies.tsv"),
            ("test2_full.x_after_count", "test2_full.x_after_count.frequencies.tsv"),
            ("test3.default", "test3.default.frequencies.tsv"),
        ]
        for name, tsv_file in test_inputs:
            with self.subTest(name=name):
                with tempfile.TemporaryDirectory() as tmpdir:
                    target_prefix = "test_run"
                    outfile_prefix = os.path.join(tmpdir, target_prefix)
                    tsv_path = os.path.join(self.outputs_dir, tsv_file)
                    cmd_args = [
                        "--tsv", tsv_path,
                        "--outfile-prefix", outfile_prefix,
                        "--aminoacids",
                        "--show-STOP", "--show-X", "--show-DEL", "--show-INS",
                        "--include-synonymous",
                        "--colormap=coolwarm_r",
                        "--threshold=0.001",
                        "--disable-showing-bokeh", "--disable-showing-mplcursors"
                    ]
                    returncode, output = self._invoke_cli(cmd_args)
>                   self.assertEqual(returncode, 0, f"Command failed for {name}:\n{output}")
E                   AssertionError: 1 != 0 : Command failed for test3.default:
E
E                   threads can only be started once
E                   Traceback (most recent call last):
E                     File "/home/mmokrejs/proj/mutation_scatter_plot/tests/test_mutation_scatter_plot.py", line 81, in _invoke_cli
E                       mutation_scatter_plot_main()
E                       ~~~~~~~~~~~~~~~~~~~~~~~~~~^^
E                     File "/home/mmokrejs/proj/mutation_scatter_plot/src/mutation_scatter_plot/mutation_scatter_plot/cli.py", line 231, in main
E                       PROFILER.start()
E                       ~~~~~~~~~~~~~~^^
E                     File "/usr/lib/python3.13/threading.py", line 969, in start
E                       raise RuntimeError("threads can only be started once")
E                   RuntimeError: threads can only be started once

tests/test_mutation_scatter_plot.py:381: AssertionError
_ TestMutationScatterPlot.test_all_inputs_aminoacids_synonymous (name='test1.default') _

self = <tests.test_mutation_scatter_plot.TestMutationScatterPlot testMethod=test_all_inputs_aminoacids_synonymous>

    def test_all_inputs_aminoacids_synonymous(self):
        """mutation_scatter_plot --aminoacids --include-synonymous for all inputs"""
        test_inputs = [
            ("test1.default", "test1.default.frequencies.tsv"),
            ("test2.x_after_count", "test2.x_after_count.frequencies.tsv"),
            ("test2_full.x_after_count", "test2_full.x_after_count.frequencies.tsv"),
            ("test3.default", "test3.default.frequencies.tsv"),
        ]
        for name, tsv_file in test_inputs:
            with self.subTest(name=name):
                with tempfile.TemporaryDirectory() as tmpdir:
                    target_prefix = "test_run"
                    outfile_prefix = os.path.join(tmpdir, target_prefix)
                    tsv_path = os.path.join(self.outputs_dir, tsv_file)
                    cmd_args = [
                        "--tsv", tsv_path,
                        "--outfile-prefix", outfile_prefix,
                        "--aminoacids",
                        "--show-STOP", "--show-X", "--show-DEL", "--show-INS",
                        "--include-synonymous",
                        "--threshold=0.001",
                        "--disable-showing-bokeh", "--disable-showing-mplcursors"
                    ]
                    returncode, output = self._invoke_cli(cmd_args)
>                   self.assertEqual(returncode, 0, f"Command failed for {name}:\n{output}")
E                   AssertionError: 1 != 0 : Command failed for test1.default:
E
E                   threads can only be started once
E                   Traceback (most recent call last):
E                     File "/home/mmokrejs/proj/mutation_scatter_plot/tests/test_mutation_scatter_plot.py", line 81, in _invoke_cli
E                       mutation_scatter_plot_main()
E                       ~~~~~~~~~~~~~~~~~~~~~~~~~~^^
E                     File "/home/mmokrejs/proj/mutation_scatter_plot/src/mutation_scatter_plot/mutation_scatter_plot/cli.py", line 231, in main
E                       PROFILER.start()
E                       ~~~~~~~~~~~~~~^^
E                     File "/usr/lib/python3.13/threading.py", line 969, in start
E                       raise RuntimeError("threads can only be started once")
E                   RuntimeError: threads can only be started once

tests/test_mutation_scatter_plot.py:222: AssertionError
_ TestMutationScatterPlot.test_all_inputs_aminoacids_synonymous (name='test2.x_after_count') _

self = <tests.test_mutation_scatter_plot.TestMutationScatterPlot testMethod=test_all_inputs_aminoacids_synonymous>

    def test_all_inputs_aminoacids_synonymous(self):
        """mutation_scatter_plot --aminoacids --include-synonymous for all inputs"""
        test_inputs = [
            ("test1.default", "test1.default.frequencies.tsv"),
            ("test2.x_after_count", "test2.x_after_count.frequencies.tsv"),
            ("test2_full.x_after_count", "test2_full.x_after_count.frequencies.tsv"),
            ("test3.default", "test3.default.frequencies.tsv"),
        ]
        for name, tsv_file in test_inputs:
            with self.subTest(name=name):
                with tempfile.TemporaryDirectory() as tmpdir:
                    target_prefix = "test_run"
                    outfile_prefix = os.path.join(tmpdir, target_prefix)
                    tsv_path = os.path.join(self.outputs_dir, tsv_file)
                    cmd_args = [
                        "--tsv", tsv_path,
                        "--outfile-prefix", outfile_prefix,
                        "--aminoacids",
                        "--show-STOP", "--show-X", "--show-DEL", "--show-INS",
                        "--include-synonymous",
                        "--threshold=0.001",
                        "--disable-showing-bokeh", "--disable-showing-mplcursors"
                    ]
                    returncode, output = self._invoke_cli(cmd_args)
>                   self.assertEqual(returncode, 0, f"Command failed for {name}:\n{output}")
E                   AssertionError: 1 != 0 : Command failed for test2.x_after_count:
E
E                   threads can only be started once
E                   Traceback (most recent call last):
E                     File "/home/mmokrejs/proj/mutation_scatter_plot/tests/test_mutation_scatter_plot.py", line 81, in _invoke_cli
E                       mutation_scatter_plot_main()
E                       ~~~~~~~~~~~~~~~~~~~~~~~~~~^^
E                     File "/home/mmokrejs/proj/mutation_scatter_plot/src/mutation_scatter_plot/mutation_scatter_plot/cli.py", line 231, in main
E                       PROFILER.start()
E                       ~~~~~~~~~~~~~~^^
E                     File "/usr/lib/python3.13/threading.py", line 969, in start
E                       raise RuntimeError("threads can only be started once")
E                   RuntimeError: threads can only be started once

tests/test_mutation_scatter_plot.py:222: AssertionError
_ TestMutationScatterPlot.test_all_inputs_aminoacids_synonymous (name='test2_full.x_after_count') _

self = <tests.test_mutation_scatter_plot.TestMutationScatterPlot testMethod=test_all_inputs_aminoacids_synonymous>

    def test_all_inputs_aminoacids_synonymous(self):
        """mutation_scatter_plot --aminoacids --include-synonymous for all inputs"""
        test_inputs = [
            ("test1.default", "test1.default.frequencies.tsv"),
            ("test2.x_after_count", "test2.x_after_count.frequencies.tsv"),
            ("test2_full.x_after_count", "test2_full.x_after_count.frequencies.tsv"),
            ("test3.default", "test3.default.frequencies.tsv"),
        ]
        for name, tsv_file in test_inputs:
            with self.subTest(name=name):
                with tempfile.TemporaryDirectory() as tmpdir:
                    target_prefix = "test_run"
                    outfile_prefix = os.path.join(tmpdir, target_prefix)
                    tsv_path = os.path.join(self.outputs_dir, tsv_file)
                    cmd_args = [
                        "--tsv", tsv_path,
                        "--outfile-prefix", outfile_prefix,
                        "--aminoacids",
                        "--show-STOP", "--show-X", "--show-DEL", "--show-INS",
                        "--include-synonymous",
                        "--threshold=0.001",
                        "--disable-showing-bokeh", "--disable-showing-mplcursors"
                    ]
                    returncode, output = self._invoke_cli(cmd_args)
>                   self.assertEqual(returncode, 0, f"Command failed for {name}:\n{output}")
E                   AssertionError: 1 != 0 : Command failed for test2_full.x_after_count:
E
E                   threads can only be started once
E                   Traceback (most recent call last):
E                     File "/home/mmokrejs/proj/mutation_scatter_plot/tests/test_mutation_scatter_plot.py", line 81, in _invoke_cli
E                       mutation_scatter_plot_main()
E                       ~~~~~~~~~~~~~~~~~~~~~~~~~~^^
E                     File "/home/mmokrejs/proj/mutation_scatter_plot/src/mutation_scatter_plot/mutation_scatter_plot/cli.py", line 231, in main
E                       PROFILER.start()
E                       ~~~~~~~~~~~~~~^^
E                     File "/usr/lib/python3.13/threading.py", line 969, in start
E                       raise RuntimeError("threads can only be started once")
E                   RuntimeError: threads can only be started once

tests/test_mutation_scatter_plot.py:222: AssertionError
_ TestMutationScatterPlot.test_all_inputs_aminoacids_synonymous (name='test3.default') _

self = <tests.test_mutation_scatter_plot.TestMutationScatterPlot testMethod=test_all_inputs_aminoacids_synonymous>

    def test_all_inputs_aminoacids_synonymous(self):
        """mutation_scatter_plot --aminoacids --include-synonymous for all inputs"""
        test_inputs = [
            ("test1.default", "test1.default.frequencies.tsv"),
            ("test2.x_after_count", "test2.x_after_count.frequencies.tsv"),
            ("test2_full.x_after_count", "test2_full.x_after_count.frequencies.tsv"),
            ("test3.default", "test3.default.frequencies.tsv"),
        ]
        for name, tsv_file in test_inputs:
            with self.subTest(name=name):
                with tempfile.TemporaryDirectory() as tmpdir:
                    target_prefix = "test_run"
                    outfile_prefix = os.path.join(tmpdir, target_prefix)
                    tsv_path = os.path.join(self.outputs_dir, tsv_file)
                    cmd_args = [
                        "--tsv", tsv_path,
                        "--outfile-prefix", outfile_prefix,
                        "--aminoacids",
                        "--show-STOP", "--show-X", "--show-DEL", "--show-INS",
                        "--include-synonymous",
                        "--threshold=0.001",
                        "--disable-showing-bokeh", "--disable-showing-mplcursors"
                    ]
                    returncode, output = self._invoke_cli(cmd_args)
>                   self.assertEqual(returncode, 0, f"Command failed for {name}:\n{output}")
E                   AssertionError: 1 != 0 : Command failed for test3.default:
E
E                   threads can only be started once
E                   Traceback (most recent call last):
E                     File "/home/mmokrejs/proj/mutation_scatter_plot/tests/test_mutation_scatter_plot.py", line 81, in _invoke_cli
E                       mutation_scatter_plot_main()
E                       ~~~~~~~~~~~~~~~~~~~~~~~~~~^^
E                     File "/home/mmokrejs/proj/mutation_scatter_plot/src/mutation_scatter_plot/mutation_scatter_plot/cli.py", line 231, in main
E                       PROFILER.start()
E                       ~~~~~~~~~~~~~~^^
E                     File "/usr/lib/python3.13/threading.py", line 969, in start
E                       raise RuntimeError("threads can only be started once")
E                   RuntimeError: threads can only be started once

tests/test_mutation_scatter_plot.py:222: AssertionError
____ TestMutationScatterPlot.test_all_inputs_codons (name='test1.default') _____

self = <tests.test_mutation_scatter_plot.TestMutationScatterPlot testMethod=test_all_inputs_codons>

    def test_all_inputs_codons(self):
        """mutation_scatter_plot codon mode for all inputs"""
        test_inputs = [
            ("test1.default", "test1.default.frequencies.tsv"),
            ("test2.x_after_count", "test2.x_after_count.frequencies.tsv"),
            ("test2_full.x_after_count", "test2_full.x_after_count.frequencies.tsv"),
            ("test3.default", "test3.default.frequencies.tsv"),
        ]
        for name, tsv_file in test_inputs:
            with self.subTest(name=name):
                with tempfile.TemporaryDirectory() as tmpdir:
                    target_prefix = "test_run"
                    outfile_prefix = os.path.join(tmpdir, target_prefix)
                    tsv_path = os.path.join(self.outputs_dir, tsv_file)
                    cmd_args = [
                        "--tsv", tsv_path,
                        "--outfile-prefix", outfile_prefix,
                        "--show-STOP", "--show-X", "--show-DEL", "--show-INS",
                        "--threshold=0.001",
                        "--disable-showing-bokeh", "--disable-showing-mplcursors"
                    ]
                    returncode, output = self._invoke_cli(cmd_args)
>                   self.assertEqual(returncode, 0, f"Command failed for {name}:\n{output}")
E                   AssertionError: 1 != 0 : Command failed for test1.default:
E
E                   threads can only be started once
E                   Traceback (most recent call last):
E                     File "/home/mmokrejs/proj/mutation_scatter_plot/tests/test_mutation_scatter_plot.py", line 81, in _invoke_cli
E                       mutation_scatter_plot_main()
E                       ~~~~~~~~~~~~~~~~~~~~~~~~~~^^
E                     File "/home/mmokrejs/proj/mutation_scatter_plot/src/mutation_scatter_plot/mutation_scatter_plot/cli.py", line 231, in main
E                       PROFILER.start()
E                       ~~~~~~~~~~~~~~^^
E                     File "/usr/lib/python3.13/threading.py", line 969, in start
E                       raise RuntimeError("threads can only be started once")
E                   RuntimeError: threads can only be started once

tests/test_mutation_scatter_plot.py:247: AssertionError
_ TestMutationScatterPlot.test_all_inputs_codons (name='test2.x_after_count') __

self = <tests.test_mutation_scatter_plot.TestMutationScatterPlot testMethod=test_all_inputs_codons>

    def test_all_inputs_codons(self):
        """mutation_scatter_plot codon mode for all inputs"""
        test_inputs = [
            ("test1.default", "test1.default.frequencies.tsv"),
            ("test2.x_after_count", "test2.x_after_count.frequencies.tsv"),
            ("test2_full.x_after_count", "test2_full.x_after_count.frequencies.tsv"),
            ("test3.default", "test3.default.frequencies.tsv"),
        ]
        for name, tsv_file in test_inputs:
            with self.subTest(name=name):
                with tempfile.TemporaryDirectory() as tmpdir:
                    target_prefix = "test_run"
                    outfile_prefix = os.path.join(tmpdir, target_prefix)
                    tsv_path = os.path.join(self.outputs_dir, tsv_file)
                    cmd_args = [
                        "--tsv", tsv_path,
                        "--outfile-prefix", outfile_prefix,
                        "--show-STOP", "--show-X", "--show-DEL", "--show-INS",
                        "--threshold=0.001",
                        "--disable-showing-bokeh", "--disable-showing-mplcursors"
                    ]
                    returncode, output = self._invoke_cli(cmd_args)
>                   self.assertEqual(returncode, 0, f"Command failed for {name}:\n{output}")
E                   AssertionError: 1 != 0 : Command failed for test2.x_after_count:
E
E                   threads can only be started once
E                   Traceback (most recent call last):
E                     File "/home/mmokrejs/proj/mutation_scatter_plot/tests/test_mutation_scatter_plot.py", line 81, in _invoke_cli
E                       mutation_scatter_plot_main()
E                       ~~~~~~~~~~~~~~~~~~~~~~~~~~^^
E                     File "/home/mmokrejs/proj/mutation_scatter_plot/src/mutation_scatter_plot/mutation_scatter_plot/cli.py", line 231, in main
E                       PROFILER.start()
E                       ~~~~~~~~~~~~~~^^
E                     File "/usr/lib/python3.13/threading.py", line 969, in start
E                       raise RuntimeError("threads can only be started once")
E                   RuntimeError: threads can only be started once

tests/test_mutation_scatter_plot.py:247: AssertionError
_ TestMutationScatterPlot.test_all_inputs_codons (name='test2_full.x_after_count') _

self = <tests.test_mutation_scatter_plot.TestMutationScatterPlot testMethod=test_all_inputs_codons>

    def test_all_inputs_codons(self):
        """mutation_scatter_plot codon mode for all inputs"""
        test_inputs = [
            ("test1.default", "test1.default.frequencies.tsv"),
            ("test2.x_after_count", "test2.x_after_count.frequencies.tsv"),
            ("test2_full.x_after_count", "test2_full.x_after_count.frequencies.tsv"),
            ("test3.default", "test3.default.frequencies.tsv"),
        ]
        for name, tsv_file in test_inputs:
            with self.subTest(name=name):
                with tempfile.TemporaryDirectory() as tmpdir:
                    target_prefix = "test_run"
                    outfile_prefix = os.path.join(tmpdir, target_prefix)
                    tsv_path = os.path.join(self.outputs_dir, tsv_file)
                    cmd_args = [
                        "--tsv", tsv_path,
                        "--outfile-prefix", outfile_prefix,
                        "--show-STOP", "--show-X", "--show-DEL", "--show-INS",
                        "--threshold=0.001",
                        "--disable-showing-bokeh", "--disable-showing-mplcursors"
                    ]
                    returncode, output = self._invoke_cli(cmd_args)
>                   self.assertEqual(returncode, 0, f"Command failed for {name}:\n{output}")
E                   AssertionError: 1 != 0 : Command failed for test2_full.x_after_count:
E
E                   threads can only be started once
E                   Traceback (most recent call last):
E                     File "/home/mmokrejs/proj/mutation_scatter_plot/tests/test_mutation_scatter_plot.py", line 81, in _invoke_cli
E                       mutation_scatter_plot_main()
E                       ~~~~~~~~~~~~~~~~~~~~~~~~~~^^
E                     File "/home/mmokrejs/proj/mutation_scatter_plot/src/mutation_scatter_plot/mutation_scatter_plot/cli.py", line 231, in main
E                       PROFILER.start()
E                       ~~~~~~~~~~~~~~^^
E                     File "/usr/lib/python3.13/threading.py", line 969, in start
E                       raise RuntimeError("threads can only be started once")
E                   RuntimeError: threads can only be started once

tests/test_mutation_scatter_plot.py:247: AssertionError
____ TestMutationScatterPlot.test_all_inputs_codons (name='test3.default') _____

self = <tests.test_mutation_scatter_plot.TestMutationScatterPlot testMethod=test_all_inputs_codons>

    def test_all_inputs_codons(self):
        """mutation_scatter_plot codon mode for all inputs"""
        test_inputs = [
            ("test1.default", "test1.default.frequencies.tsv"),
            ("test2.x_after_count", "test2.x_after_count.frequencies.tsv"),
            ("test2_full.x_after_count", "test2_full.x_after_count.frequencies.tsv"),
            ("test3.default", "test3.default.frequencies.tsv"),
        ]
        for name, tsv_file in test_inputs:
            with self.subTest(name=name):
                with tempfile.TemporaryDirectory() as tmpdir:
                    target_prefix = "test_run"
                    outfile_prefix = os.path.join(tmpdir, target_prefix)
                    tsv_path = os.path.join(self.outputs_dir, tsv_file)
                    cmd_args = [
                        "--tsv", tsv_path,
                        "--outfile-prefix", outfile_prefix,
                        "--show-STOP", "--show-X", "--show-DEL", "--show-INS",
                        "--threshold=0.001",
                        "--disable-showing-bokeh", "--disable-showing-mplcursors"
                    ]
                    returncode, output = self._invoke_cli(cmd_args)
>                   self.assertEqual(returncode, 0, f"Command failed for {name}:\n{output}")
E                   AssertionError: 1 != 0 : Command failed for test3.default:
E
E                   threads can only be started once
E                   Traceback (most recent call last):
E                     File "/home/mmokrejs/proj/mutation_scatter_plot/tests/test_mutation_scatter_plot.py", line 81, in _invoke_cli
E                       mutation_scatter_plot_main()
E                       ~~~~~~~~~~~~~~~~~~~~~~~~~~^^
E                     File "/home/mmokrejs/proj/mutation_scatter_plot/src/mutation_scatter_plot/mutation_scatter_plot/cli.py", line 231, in main
E                       PROFILER.start()
E                       ~~~~~~~~~~~~~~^^
E                     File "/usr/lib/python3.13/threading.py", line 969, in start
E                       raise RuntimeError("threads can only be started once")
E                   RuntimeError: threads can only be started once

tests/test_mutation_scatter_plot.py:247: AssertionError
_ TestMutationScatterPlot.test_all_inputs_codons_coolwarm_r (name='test1.default') _

self = <tests.test_mutation_scatter_plot.TestMutationScatterPlot testMethod=test_all_inputs_codons_coolwarm_r>

    def test_all_inputs_codons_coolwarm_r(self):
        """mutation_scatter_plot codon mode with --colormap=coolwarm_r (standard Normalize path)"""
        test_inputs = [
            ("test1.default", "test1.default.frequencies.tsv"),
            ("test2.x_after_count", "test2.x_after_count.frequencies.tsv"),
            ("test2_full.x_after_count", "test2_full.x_after_count.frequencies.tsv"),
            ("test3.default", "test3.default.frequencies.tsv"),
        ]
        for name, tsv_file in test_inputs:
            with self.subTest(name=name):
                with tempfile.TemporaryDirectory() as tmpdir:
                    target_prefix = "test_run"
                    outfile_prefix = os.path.join(tmpdir, target_prefix)
                    tsv_path = os.path.join(self.outputs_dir, tsv_file)
                    cmd_args = [
                        "--tsv", tsv_path,
                        "--outfile-prefix", outfile_prefix,
                        "--show-STOP", "--show-X", "--show-DEL", "--show-INS",
                        "--colormap=coolwarm_r",
                        "--threshold=0.001",
                        "--disable-showing-bokeh", "--disable-showing-mplcursors"
                    ]
                    returncode, output = self._invoke_cli(cmd_args)
>                   self.assertEqual(returncode, 0, f"Command failed for {name}:\n{output}")
E                   AssertionError: 1 != 0 : Command failed for test1.default:
E
E                   threads can only be started once
E                   Traceback (most recent call last):
E                     File "/home/mmokrejs/proj/mutation_scatter_plot/tests/test_mutation_scatter_plot.py", line 81, in _invoke_cli
E                       mutation_scatter_plot_main()
E                       ~~~~~~~~~~~~~~~~~~~~~~~~~~^^
E                     File "/home/mmokrejs/proj/mutation_scatter_plot/src/mutation_scatter_plot/mutation_scatter_plot/cli.py", line 231, in main
E                       PROFILER.start()
E                       ~~~~~~~~~~~~~~^^
E                     File "/usr/lib/python3.13/threading.py", line 969, in start
E                       raise RuntimeError("threads can only be started once")
E                   RuntimeError: threads can only be started once

tests/test_mutation_scatter_plot.py:299: AssertionError
_ TestMutationScatterPlot.test_all_inputs_codons_coolwarm_r (name='test2.x_after_count') _

self = <tests.test_mutation_scatter_plot.TestMutationScatterPlot testMethod=test_all_inputs_codons_coolwarm_r>

    def test_all_inputs_codons_coolwarm_r(self):
        """mutation_scatter_plot codon mode with --colormap=coolwarm_r (standard Normalize path)"""
        test_inputs = [
            ("test1.default", "test1.default.frequencies.tsv"),
            ("test2.x_after_count", "test2.x_after_count.frequencies.tsv"),
            ("test2_full.x_after_count", "test2_full.x_after_count.frequencies.tsv"),
            ("test3.default", "test3.default.frequencies.tsv"),
        ]
        for name, tsv_file in test_inputs:
            with self.subTest(name=name):
                with tempfile.TemporaryDirectory() as tmpdir:
                    target_prefix = "test_run"
                    outfile_prefix = os.path.join(tmpdir, target_prefix)
                    tsv_path = os.path.join(self.outputs_dir, tsv_file)
                    cmd_args = [
                        "--tsv", tsv_path,
                        "--outfile-prefix", outfile_prefix,
                        "--show-STOP", "--show-X", "--show-DEL", "--show-INS",
                        "--colormap=coolwarm_r",
                        "--threshold=0.001",
                        "--disable-showing-bokeh", "--disable-showing-mplcursors"
                    ]
                    returncode, output = self._invoke_cli(cmd_args)
>                   self.assertEqual(returncode, 0, f"Command failed for {name}:\n{output}")
E                   AssertionError: 1 != 0 : Command failed for test2.x_after_count:
E
E                   threads can only be started once
E                   Traceback (most recent call last):
E                     File "/home/mmokrejs/proj/mutation_scatter_plot/tests/test_mutation_scatter_plot.py", line 81, in _invoke_cli
E                       mutation_scatter_plot_main()
E                       ~~~~~~~~~~~~~~~~~~~~~~~~~~^^
E                     File "/home/mmokrejs/proj/mutation_scatter_plot/src/mutation_scatter_plot/mutation_scatter_plot/cli.py", line 231, in main
E                       PROFILER.start()
E                       ~~~~~~~~~~~~~~^^
E                     File "/usr/lib/python3.13/threading.py", line 969, in start
E                       raise RuntimeError("threads can only be started once")
E                   RuntimeError: threads can only be started once

tests/test_mutation_scatter_plot.py:299: AssertionError
_ TestMutationScatterPlot.test_all_inputs_codons_coolwarm_r (name='test2_full.x_after_count') _

self = <tests.test_mutation_scatter_plot.TestMutationScatterPlot testMethod=test_all_inputs_codons_coolwarm_r>

    def test_all_inputs_codons_coolwarm_r(self):
        """mutation_scatter_plot codon mode with --colormap=coolwarm_r (standard Normalize path)"""
        test_inputs = [
            ("test1.default", "test1.default.frequencies.tsv"),
            ("test2.x_after_count", "test2.x_after_count.frequencies.tsv"),
            ("test2_full.x_after_count", "test2_full.x_after_count.frequencies.tsv"),
            ("test3.default", "test3.default.frequencies.tsv"),
        ]
        for name, tsv_file in test_inputs:
            with self.subTest(name=name):
                with tempfile.TemporaryDirectory() as tmpdir:
                    target_prefix = "test_run"
                    outfile_prefix = os.path.join(tmpdir, target_prefix)
                    tsv_path = os.path.join(self.outputs_dir, tsv_file)
                    cmd_args = [
                        "--tsv", tsv_path,
                        "--outfile-prefix", outfile_prefix,
                        "--show-STOP", "--show-X", "--show-DEL", "--show-INS",
                        "--colormap=coolwarm_r",
                        "--threshold=0.001",
                        "--disable-showing-bokeh", "--disable-showing-mplcursors"
                    ]
                    returncode, output = self._invoke_cli(cmd_args)
>                   self.assertEqual(returncode, 0, f"Command failed for {name}:\n{output}")
E                   AssertionError: 1 != 0 : Command failed for test2_full.x_after_count:
E
E                   threads can only be started once
E                   Traceback (most recent call last):
E                     File "/home/mmokrejs/proj/mutation_scatter_plot/tests/test_mutation_scatter_plot.py", line 81, in _invoke_cli
E                       mutation_scatter_plot_main()
E                       ~~~~~~~~~~~~~~~~~~~~~~~~~~^^
E                     File "/home/mmokrejs/proj/mutation_scatter_plot/src/mutation_scatter_plot/mutation_scatter_plot/cli.py", line 231, in main
E                       PROFILER.start()
E                       ~~~~~~~~~~~~~~^^
E                     File "/usr/lib/python3.13/threading.py", line 969, in start
E                       raise RuntimeError("threads can only be started once")
E                   RuntimeError: threads can only be started once

tests/test_mutation_scatter_plot.py:299: AssertionError
_ TestMutationScatterPlot.test_all_inputs_codons_coolwarm_r (name='test3.default') _

self = <tests.test_mutation_scatter_plot.TestMutationScatterPlot testMethod=test_all_inputs_codons_coolwarm_r>

    def test_all_inputs_codons_coolwarm_r(self):
        """mutation_scatter_plot codon mode with --colormap=coolwarm_r (standard Normalize path)"""
        test_inputs = [
            ("test1.default", "test1.default.frequencies.tsv"),
            ("test2.x_after_count", "test2.x_after_count.frequencies.tsv"),
            ("test2_full.x_after_count", "test2_full.x_after_count.frequencies.tsv"),
            ("test3.default", "test3.default.frequencies.tsv"),
        ]
        for name, tsv_file in test_inputs:
            with self.subTest(name=name):
                with tempfile.TemporaryDirectory() as tmpdir:
                    target_prefix = "test_run"
                    outfile_prefix = os.path.join(tmpdir, target_prefix)
                    tsv_path = os.path.join(self.outputs_dir, tsv_file)
                    cmd_args = [
                        "--tsv", tsv_path,
                        "--outfile-prefix", outfile_prefix,
                        "--show-STOP", "--show-X", "--show-DEL", "--show-INS",
                        "--colormap=coolwarm_r",
                        "--threshold=0.001",
                        "--disable-showing-bokeh", "--disable-showing-mplcursors"
                    ]
                    returncode, output = self._invoke_cli(cmd_args)
>                   self.assertEqual(returncode, 0, f"Command failed for {name}:\n{output}")
E                   AssertionError: 1 != 0 : Command failed for test3.default:
E
E                   threads can only be started once
E                   Traceback (most recent call last):
E                     File "/home/mmokrejs/proj/mutation_scatter_plot/tests/test_mutation_scatter_plot.py", line 81, in _invoke_cli
E                       mutation_scatter_plot_main()
E                       ~~~~~~~~~~~~~~~~~~~~~~~~~~^^
E                     File "/home/mmokrejs/proj/mutation_scatter_plot/src/mutation_scatter_plot/mutation_scatter_plot/cli.py", line 231, in main
E                       PROFILER.start()
E                       ~~~~~~~~~~~~~~^^
E                     File "/usr/lib/python3.13/threading.py", line 969, in start
E                       raise RuntimeError("threads can only be started once")
E                   RuntimeError: threads can only be started once

tests/test_mutation_scatter_plot.py:299: AssertionError
_ TestMutationScatterPlot.test_all_inputs_codons_coolwarm_r_synonymous (name='test1.default') _

self = <tests.test_mutation_scatter_plot.TestMutationScatterPlot testMethod=test_all_inputs_codons_coolwarm_r_synonymous>

    def test_all_inputs_codons_coolwarm_r_synonymous(self):
        """mutation_scatter_plot codon mode with --colormap=coolwarm_r --include-synonymous"""
        test_inputs = [
            ("test1.default", "test1.default.frequencies.tsv"),
            ("test2.x_after_count", "test2.x_after_count.frequencies.tsv"),
            ("test2_full.x_after_count", "test2_full.x_after_count.frequencies.tsv"),
            ("test3.default", "test3.default.frequencies.tsv"),
        ]
        for name, tsv_file in test_inputs:
            with self.subTest(name=name):
                with tempfile.TemporaryDirectory() as tmpdir:
                    target_prefix = "test_run"
                    outfile_prefix = os.path.join(tmpdir, target_prefix)
                    tsv_path = os.path.join(self.outputs_dir, tsv_file)
                    cmd_args = [
                        "--tsv", tsv_path,
                        "--outfile-prefix", outfile_prefix,
                        "--show-STOP", "--show-X", "--show-DEL", "--show-INS",
                        "--include-synonymous",
                        "--colormap=coolwarm_r",
                        "--threshold=0.001",
                        "--disable-showing-bokeh", "--disable-showing-mplcursors"
                    ]
                    returncode, output = self._invoke_cli(cmd_args)
>                   self.assertEqual(returncode, 0, f"Command failed for {name}:\n{output}")
E                   AssertionError: 1 != 0 : Command failed for test1.default:
E
E                   threads can only be started once
E                   Traceback (most recent call last):
E                     File "/home/mmokrejs/proj/mutation_scatter_plot/tests/test_mutation_scatter_plot.py", line 81, in _invoke_cli
E                       mutation_scatter_plot_main()
E                       ~~~~~~~~~~~~~~~~~~~~~~~~~~^^
E                     File "/home/mmokrejs/proj/mutation_scatter_plot/src/mutation_scatter_plot/mutation_scatter_plot/cli.py", line 231, in main
E                       PROFILER.start()
E                       ~~~~~~~~~~~~~~^^
E                     File "/usr/lib/python3.13/threading.py", line 969, in start
E                       raise RuntimeError("threads can only be started once")
E                   RuntimeError: threads can only be started once

tests/test_mutation_scatter_plot.py:353: AssertionError
_ TestMutationScatterPlot.test_all_inputs_codons_coolwarm_r_synonymous (name='test2.x_after_count') _

self = <tests.test_mutation_scatter_plot.TestMutationScatterPlot testMethod=test_all_inputs_codons_coolwarm_r_synonymous>

    def test_all_inputs_codons_coolwarm_r_synonymous(self):
        """mutation_scatter_plot codon mode with --colormap=coolwarm_r --include-synonymous"""
        test_inputs = [
            ("test1.default", "test1.default.frequencies.tsv"),
            ("test2.x_after_count", "test2.x_after_count.frequencies.tsv"),
            ("test2_full.x_after_count", "test2_full.x_after_count.frequencies.tsv"),
            ("test3.default", "test3.default.frequencies.tsv"),
        ]
        for name, tsv_file in test_inputs:
            with self.subTest(name=name):
                with tempfile.TemporaryDirectory() as tmpdir:
                    target_prefix = "test_run"
                    outfile_prefix = os.path.join(tmpdir, target_prefix)
                    tsv_path = os.path.join(self.outputs_dir, tsv_file)
                    cmd_args = [
                        "--tsv", tsv_path,
                        "--outfile-prefix", outfile_prefix,
                        "--show-STOP", "--show-X", "--show-DEL", "--show-INS",
                        "--include-synonymous",
                        "--colormap=coolwarm_r",
                        "--threshold=0.001",
                        "--disable-showing-bokeh", "--disable-showing-mplcursors"
                    ]
                    returncode, output = self._invoke_cli(cmd_args)
>                   self.assertEqual(returncode, 0, f"Command failed for {name}:\n{output}")
E                   AssertionError: 1 != 0 : Command failed for test2.x_after_count:
E
E                   threads can only be started once
E                   Traceback (most recent call last):
E                     File "/home/mmokrejs/proj/mutation_scatter_plot/tests/test_mutation_scatter_plot.py", line 81, in _invoke_cli
E                       mutation_scatter_plot_main()
E                       ~~~~~~~~~~~~~~~~~~~~~~~~~~^^
E                     File "/home/mmokrejs/proj/mutation_scatter_plot/src/mutation_scatter_plot/mutation_scatter_plot/cli.py", line 231, in main
E                       PROFILER.start()
E                       ~~~~~~~~~~~~~~^^
E                     File "/usr/lib/python3.13/threading.py", line 969, in start
E                       raise RuntimeError("threads can only be started once")
E                   RuntimeError: threads can only be started once

tests/test_mutation_scatter_plot.py:353: AssertionError
_ TestMutationScatterPlot.test_all_inputs_codons_coolwarm_r_synonymous (name='test2_full.x_after_count') _

self = <tests.test_mutation_scatter_plot.TestMutationScatterPlot testMethod=test_all_inputs_codons_coolwarm_r_synonymous>

    def test_all_inputs_codons_coolwarm_r_synonymous(self):
        """mutation_scatter_plot codon mode with --colormap=coolwarm_r --include-synonymous"""
        test_inputs = [
            ("test1.default", "test1.default.frequencies.tsv"),
            ("test2.x_after_count", "test2.x_after_count.frequencies.tsv"),
            ("test2_full.x_after_count", "test2_full.x_after_count.frequencies.tsv"),
            ("test3.default", "test3.default.frequencies.tsv"),
        ]
        for name, tsv_file in test_inputs:
            with self.subTest(name=name):
                with tempfile.TemporaryDirectory() as tmpdir:
                    target_prefix = "test_run"
                    outfile_prefix = os.path.join(tmpdir, target_prefix)
                    tsv_path = os.path.join(self.outputs_dir, tsv_file)
                    cmd_args = [
                        "--tsv", tsv_path,
                        "--outfile-prefix", outfile_prefix,
                        "--show-STOP", "--show-X", "--show-DEL", "--show-INS",
                        "--include-synonymous",
                        "--colormap=coolwarm_r",
                        "--threshold=0.001",
                        "--disable-showing-bokeh", "--disable-showing-mplcursors"
                    ]
                    returncode, output = self._invoke_cli(cmd_args)
>                   self.assertEqual(returncode, 0, f"Command failed for {name}:\n{output}")
E                   AssertionError: 1 != 0 : Command failed for test2_full.x_after_count:
E
E                   threads can only be started once
E                   Traceback (most recent call last):
E                     File "/home/mmokrejs/proj/mutation_scatter_plot/tests/test_mutation_scatter_plot.py", line 81, in _invoke_cli
E                       mutation_scatter_plot_main()
E                       ~~~~~~~~~~~~~~~~~~~~~~~~~~^^
E                     File "/home/mmokrejs/proj/mutation_scatter_plot/src/mutation_scatter_plot/mutation_scatter_plot/cli.py", line 231, in main
E                       PROFILER.start()
E                       ~~~~~~~~~~~~~~^^
E                     File "/usr/lib/python3.13/threading.py", line 969, in start
E                       raise RuntimeError("threads can only be started once")
E                   RuntimeError: threads can only be started once

tests/test_mutation_scatter_plot.py:353: AssertionError
_ TestMutationScatterPlot.test_all_inputs_codons_coolwarm_r_synonymous (name='test3.default') _

self = <tests.test_mutation_scatter_plot.TestMutationScatterPlot testMethod=test_all_inputs_codons_coolwarm_r_synonymous>

    def test_all_inputs_codons_coolwarm_r_synonymous(self):
        """mutation_scatter_plot codon mode with --colormap=coolwarm_r --include-synonymous"""
        test_inputs = [
            ("test1.default", "test1.default.frequencies.tsv"),
            ("test2.x_after_count", "test2.x_after_count.frequencies.tsv"),
            ("test2_full.x_after_count", "test2_full.x_after_count.frequencies.tsv"),
            ("test3.default", "test3.default.frequencies.tsv"),
        ]
        for name, tsv_file in test_inputs:
            with self.subTest(name=name):
                with tempfile.TemporaryDirectory() as tmpdir:
                    target_prefix = "test_run"
                    outfile_prefix = os.path.join(tmpdir, target_prefix)
                    tsv_path = os.path.join(self.outputs_dir, tsv_file)
                    cmd_args = [
                        "--tsv", tsv_path,
                        "--outfile-prefix", outfile_prefix,
                        "--show-STOP", "--show-X", "--show-DEL", "--show-INS",
                        "--include-synonymous",
                        "--colormap=coolwarm_r",
                        "--threshold=0.001",
                        "--disable-showing-bokeh", "--disable-showing-mplcursors"
                    ]
                    returncode, output = self._invoke_cli(cmd_args)
>                   self.assertEqual(returncode, 0, f"Command failed for {name}:\n{output}")
E                   AssertionError: 1 != 0 : Command failed for test3.default:
E
E                   threads can only be started once
E                   Traceback (most recent call last):
E                     File "/home/mmokrejs/proj/mutation_scatter_plot/tests/test_mutation_scatter_plot.py", line 81, in _invoke_cli
E                       mutation_scatter_plot_main()
E                       ~~~~~~~~~~~~~~~~~~~~~~~~~~^^
E                     File "/home/mmokrejs/proj/mutation_scatter_plot/src/mutation_scatter_plot/mutation_scatter_plot/cli.py", line 231, in main
E                       PROFILER.start()
E                       ~~~~~~~~~~~~~~^^
E                     File "/usr/lib/python3.13/threading.py", line 969, in start
E                       raise RuntimeError("threads can only be started once")
E                   RuntimeError: threads can only be started once

tests/test_mutation_scatter_plot.py:353: AssertionError
_ TestMutationScatterPlot.test_all_inputs_codons_synonymous (name='test1.default') _

self = <tests.test_mutation_scatter_plot.TestMutationScatterPlot testMethod=test_all_inputs_codons_synonymous>

    def test_all_inputs_codons_synonymous(self):
        """mutation_scatter_plot codon mode --include-synonymous for all inputs"""
        test_inputs = [
            ("test1.default", "test1.default.frequencies.tsv"),
            ("test2.x_after_count", "test2.x_after_count.frequencies.tsv"),
            ("test2_full.x_after_count", "test2_full.x_after_count.frequencies.tsv"),
            ("test3.default", "test3.default.frequencies.tsv"),
        ]
        for name, tsv_file in test_inputs:
            with self.subTest(name=name):
                with tempfile.TemporaryDirectory() as tmpdir:
                    target_prefix = "test_run"
                    outfile_prefix = os.path.join(tmpdir, target_prefix)
                    tsv_path = os.path.join(self.outputs_dir, tsv_file)
                    cmd_args = [
                        "--tsv", tsv_path,
                        "--outfile-prefix", outfile_prefix,
                        "--show-STOP", "--show-X", "--show-DEL", "--show-INS",
                        "--include-synonymous",
                        "--threshold=0.001",
                        "--disable-showing-bokeh", "--disable-showing-mplcursors"
                    ]
                    returncode, output = self._invoke_cli(cmd_args)
>                   self.assertEqual(returncode, 0, f"Command failed for {name}:\n{output}")
E                   AssertionError: 1 != 0 : Command failed for test1.default:
E
E                   threads can only be started once
E                   Traceback (most recent call last):
E                     File "/home/mmokrejs/proj/mutation_scatter_plot/tests/test_mutation_scatter_plot.py", line 81, in _invoke_cli
E                       mutation_scatter_plot_main()
E                       ~~~~~~~~~~~~~~~~~~~~~~~~~~^^
E                     File "/home/mmokrejs/proj/mutation_scatter_plot/src/mutation_scatter_plot/mutation_scatter_plot/cli.py", line 231, in main
E                       PROFILER.start()
E                       ~~~~~~~~~~~~~~^^
E                     File "/usr/lib/python3.13/threading.py", line 969, in start
E                       raise RuntimeError("threads can only be started once")
E                   RuntimeError: threads can only be started once

tests/test_mutation_scatter_plot.py:273: AssertionError
_ TestMutationScatterPlot.test_all_inputs_codons_synonymous (name='test2.x_after_count') _

self = <tests.test_mutation_scatter_plot.TestMutationScatterPlot testMethod=test_all_inputs_codons_synonymous>

    def test_all_inputs_codons_synonymous(self):
        """mutation_scatter_plot codon mode --include-synonymous for all inputs"""
        test_inputs = [
            ("test1.default", "test1.default.frequencies.tsv"),
            ("test2.x_after_count", "test2.x_after_count.frequencies.tsv"),
            ("test2_full.x_after_count", "test2_full.x_after_count.frequencies.tsv"),
            ("test3.default", "test3.default.frequencies.tsv"),
        ]
        for name, tsv_file in test_inputs:
            with self.subTest(name=name):
                with tempfile.TemporaryDirectory() as tmpdir:
                    target_prefix = "test_run"
                    outfile_prefix = os.path.join(tmpdir, target_prefix)
                    tsv_path = os.path.join(self.outputs_dir, tsv_file)
                    cmd_args = [
                        "--tsv", tsv_path,
                        "--outfile-prefix", outfile_prefix,
                        "--show-STOP", "--show-X", "--show-DEL", "--show-INS",
                        "--include-synonymous",
                        "--threshold=0.001",
                        "--disable-showing-bokeh", "--disable-showing-mplcursors"
                    ]
                    returncode, output = self._invoke_cli(cmd_args)
>                   self.assertEqual(returncode, 0, f"Command failed for {name}:\n{output}")
E                   AssertionError: 1 != 0 : Command failed for test2.x_after_count:
E
E                   threads can only be started once
E                   Traceback (most recent call last):
E                     File "/home/mmokrejs/proj/mutation_scatter_plot/tests/test_mutation_scatter_plot.py", line 81, in _invoke_cli
E                       mutation_scatter_plot_main()
E                       ~~~~~~~~~~~~~~~~~~~~~~~~~~^^
E                     File "/home/mmokrejs/proj/mutation_scatter_plot/src/mutation_scatter_plot/mutation_scatter_plot/cli.py", line 231, in main
E                       PROFILER.start()
E                       ~~~~~~~~~~~~~~^^
E                     File "/usr/lib/python3.13/threading.py", line 969, in start
E                       raise RuntimeError("threads can only be started once")
E                   RuntimeError: threads can only be started once

tests/test_mutation_scatter_plot.py:273: AssertionError
_ TestMutationScatterPlot.test_all_inputs_codons_synonymous (name='test2_full.x_after_count') _

self = <tests.test_mutation_scatter_plot.TestMutationScatterPlot testMethod=test_all_inputs_codons_synonymous>

    def test_all_inputs_codons_synonymous(self):
        """mutation_scatter_plot codon mode --include-synonymous for all inputs"""
        test_inputs = [
            ("test1.default", "test1.default.frequencies.tsv"),
            ("test2.x_after_count", "test2.x_after_count.frequencies.tsv"),
            ("test2_full.x_after_count", "test2_full.x_after_count.frequencies.tsv"),
            ("test3.default", "test3.default.frequencies.tsv"),
        ]
        for name, tsv_file in test_inputs:
            with self.subTest(name=name):
                with tempfile.TemporaryDirectory() as tmpdir:
                    target_prefix = "test_run"
                    outfile_prefix = os.path.join(tmpdir, target_prefix)
                    tsv_path = os.path.join(self.outputs_dir, tsv_file)
                    cmd_args = [
                        "--tsv", tsv_path,
                        "--outfile-prefix", outfile_prefix,
                        "--show-STOP", "--show-X", "--show-DEL", "--show-INS",
                        "--include-synonymous",
                        "--threshold=0.001",
                        "--disable-showing-bokeh", "--disable-showing-mplcursors"
                    ]
                    returncode, output = self._invoke_cli(cmd_args)
>                   self.assertEqual(returncode, 0, f"Command failed for {name}:\n{output}")
E                   AssertionError: 1 != 0 : Command failed for test2_full.x_after_count:
E
E                   threads can only be started once
E                   Traceback (most recent call last):
E                     File "/home/mmokrejs/proj/mutation_scatter_plot/tests/test_mutation_scatter_plot.py", line 81, in _invoke_cli
E                       mutation_scatter_plot_main()
E                       ~~~~~~~~~~~~~~~~~~~~~~~~~~^^
E                     File "/home/mmokrejs/proj/mutation_scatter_plot/src/mutation_scatter_plot/mutation_scatter_plot/cli.py", line 231, in main
E                       PROFILER.start()
E                       ~~~~~~~~~~~~~~^^
E                     File "/usr/lib/python3.13/threading.py", line 969, in start
E                       raise RuntimeError("threads can only be started once")
E                   RuntimeError: threads can only be started once

tests/test_mutation_scatter_plot.py:273: AssertionError
_ TestMutationScatterPlot.test_all_inputs_codons_synonymous (name='test3.default') _

self = <tests.test_mutation_scatter_plot.TestMutationScatterPlot testMethod=test_all_inputs_codons_synonymous>

    def test_all_inputs_codons_synonymous(self):
        """mutation_scatter_plot codon mode --include-synonymous for all inputs"""
        test_inputs = [
            ("test1.default", "test1.default.frequencies.tsv"),
            ("test2.x_after_count", "test2.x_after_count.frequencies.tsv"),
            ("test2_full.x_after_count", "test2_full.x_after_count.frequencies.tsv"),
            ("test3.default", "test3.default.frequencies.tsv"),
        ]
        for name, tsv_file in test_inputs:
            with self.subTest(name=name):
                with tempfile.TemporaryDirectory() as tmpdir:
                    target_prefix = "test_run"
                    outfile_prefix = os.path.join(tmpdir, target_prefix)
                    tsv_path = os.path.join(self.outputs_dir, tsv_file)
                    cmd_args = [
                        "--tsv", tsv_path,
                        "--outfile-prefix", outfile_prefix,
                        "--show-STOP", "--show-X", "--show-DEL", "--show-INS",
                        "--include-synonymous",
                        "--threshold=0.001",
                        "--disable-showing-bokeh", "--disable-showing-mplcursors"
                    ]
                    returncode, output = self._invoke_cli(cmd_args)
>                   self.assertEqual(returncode, 0, f"Command failed for {name}:\n{output}")
E                   AssertionError: 1 != 0 : Command failed for test3.default:
E
E                   threads can only be started once
E                   Traceback (most recent call last):
E                     File "/home/mmokrejs/proj/mutation_scatter_plot/tests/test_mutation_scatter_plot.py", line 81, in _invoke_cli
E                       mutation_scatter_plot_main()
E                       ~~~~~~~~~~~~~~~~~~~~~~~~~~^^
E                     File "/home/mmokrejs/proj/mutation_scatter_plot/src/mutation_scatter_plot/mutation_scatter_plot/cli.py", line 231, in main
E                       PROFILER.start()
E                       ~~~~~~~~~~~~~~^^
E                     File "/usr/lib/python3.13/threading.py", line 969, in start
E                       raise RuntimeError("threads can only be started once")
E                   RuntimeError: threads can only be started once

tests/test_mutation_scatter_plot.py:273: AssertionError
_______________ TestMutationScatterPlot.test_display_suppression _______________

self = <tests.test_mutation_scatter_plot.TestMutationScatterPlot testMethod=test_display_suppression>

    def test_display_suppression(self):
        """Verify that --disable-showing-bokeh and --disable-showing-mplcursors work without failure"""
        with tempfile.TemporaryDirectory() as tmpdir:
            target_prefix = "test_suppress"
            outfile_prefix = os.path.join(tmpdir, target_prefix)
            tsv_path = os.path.join(self.outputs_dir, "test1.default.frequencies.tsv")
            cmd_args = [
                "--tsv", tsv_path,
                "--outfile-prefix", outfile_prefix,
                "--disable-showing-bokeh",
                "--disable-showing-mplcursors",
                "--threshold=0.001"
            ]
            returncode, output = self._invoke_cli(cmd_args)
>           self.assertEqual(returncode, 0, f"Command with suppression flags failed:\n{output}")
E           AssertionError: 1 != 0 : Command with suppression flags failed:
E
E           threads can only be started once
E           Traceback (most recent call last):
E             File "/home/mmokrejs/proj/mutation_scatter_plot/tests/test_mutation_scatter_plot.py", line 81, in _invoke_cli
E               mutation_scatter_plot_main()
E               ~~~~~~~~~~~~~~~~~~~~~~~~~~^^
E             File "/home/mmokrejs/proj/mutation_scatter_plot/src/mutation_scatter_plot/mutation_scatter_plot/cli.py", line 231, in main
E               PROFILER.start()
E               ~~~~~~~~~~~~~~^^
E             File "/usr/lib/python3.13/threading.py", line 969, in start
E               raise RuntimeError("threads can only be started once")
E           RuntimeError: threads can only be started once

tests/test_mutation_scatter_plot.py:552: AssertionError
_____ TestMutationScatterPlot.test_score_zero_is_yellow_amino_acid_changes _____

self = <tests.test_mutation_scatter_plot.TestMutationScatterPlot testMethod=test_score_zero_is_yellow_amino_acid_changes>

    def test_score_zero_is_yellow_amino_acid_changes(self):
        """Score-0 mutations must appear yellow (#ffff00) in amino_acid_changes mode.

        Confirms:
        1. The .codon.frequencies.colors.tsv circle color for any BLOSUM-0
           mutation is #ffff00.
        2. The Bokeh colorbar palette entry at position 0 (the centre band)
           is also #ffff00 — ensuring circles and colorbar never diverge.

        K→N has BLOSUM80 score 0 and appears in the standard test fixtures.
        """
        tsv_path = os.path.join(self.outputs_dir, "test1.default.frequencies.tsv")
        with tempfile.TemporaryDirectory() as tmpdir:
            target_prefix = "test_zero"
            outfile_prefix = os.path.join(tmpdir, target_prefix)
            cmd_args = [
                "--tsv", tsv_path,
                "--outfile-prefix", outfile_prefix,
                "--threshold=0.001",
                "--disable-showing-bokeh", "--disable-showing-mplcursors",
            ]
            returncode, output = self._invoke_cli(cmd_args)
>           self.assertEqual(returncode, 0, f"Command failed:\n{output}")
E           AssertionError: 1 != 0 : Command failed:
E
E           threads can only be started once
E           Traceback (most recent call last):
E             File "/home/mmokrejs/proj/mutation_scatter_plot/tests/test_mutation_scatter_plot.py", line 81, in _invoke_cli
E               mutation_scatter_plot_main()
E               ~~~~~~~~~~~~~~~~~~~~~~~~~~^^
E             File "/home/mmokrejs/proj/mutation_scatter_plot/src/mutation_scatter_plot/mutation_scatter_plot/cli.py", line 231, in main
E               PROFILER.start()
E               ~~~~~~~~~~~~~~^^
E             File "/usr/lib/python3.13/threading.py", line 969, in start
E               raise RuntimeError("threads can only be started once")
E           RuntimeError: threads can only be started once

tests/test_mutation_scatter_plot.py:635: AssertionError
______ TestMutationScatterPlot.test_synonymous_color_override_coolwarm_r _______

self = <tests.test_mutation_scatter_plot.TestMutationScatterPlot testMethod=test_synonymous_color_override_coolwarm_r>

    def test_synonymous_color_override_coolwarm_r(self):
        """Synonymous codon entries (same codon→codon, same AA) must be colored #219f11
        in coolwarm_r mode, not the colormap color for their BLOSUM self-score.

        The fixture test_unchanged.frequencies.tsv is every-5th-row from
        profile_codon_t4_out.unchanged_codons.tsv, containing identical
        original_codon == mutant_codon entries (M→M, F→F, V→V, …).  Each of
        these triggers the synonymous-color override in adjust_size_and_color().
        """
        tsv_path = os.path.join(self.outputs_dir, "test_unchanged.frequencies.tsv")
        with tempfile.TemporaryDirectory() as tmpdir:
            target_prefix = "test_run"
            outfile_prefix = os.path.join(tmpdir, target_prefix)
            cmd_args = [
                "--tsv", tsv_path,
                "--outfile-prefix", outfile_prefix,
                "--include-synonymous",
                "--colormap=coolwarm_r",
                "--threshold=0.001",
                "--disable-showing-bokeh", "--disable-showing-mplcursors",
            ]
            returncode, output = self._invoke_cli(cmd_args)
>           self.assertEqual(returncode, 0, f"Command failed:\n{output}")
E           AssertionError: 1 != 0 : Command failed:
E
E           threads can only be started once
E           Traceback (most recent call last):
E             File "/home/mmokrejs/proj/mutation_scatter_plot/tests/test_mutation_scatter_plot.py", line 81, in _invoke_cli
E               mutation_scatter_plot_main()
E               ~~~~~~~~~~~~~~~~~~~~~~~~~~^^
E             File "/home/mmokrejs/proj/mutation_scatter_plot/src/mutation_scatter_plot/mutation_scatter_plot/cli.py", line 231, in main
E               PROFILER.start()
E               ~~~~~~~~~~~~~~^^
E             File "/usr/lib/python3.13/threading.py", line 969, in start
E               raise RuntimeError("threads can only be started once")
E           RuntimeError: threads can only be started once

tests/test_mutation_scatter_plot.py:584: AssertionError
=========================== short test summary info ============================
FAILED tests/test_mutation_scatter_plot.py::TestMutationScatterPlot::test4_compare_aminoacids
FAILED tests/test_mutation_scatter_plot.py::TestMutationScatterPlot::test5_compare_codons
SUBFAILED(name='test1.default') tests/test_mutation_scatter_plot.py::TestMutationScatterPlot::test_all_inputs_aminoacids
SUBFAILED(name='test2.x_after_count') tests/test_mutation_scatter_plot.py::TestMutationScatterPlot::test_all_inputs_aminoacids
SUBFAILED(name='test2_full.x_after_count') tests/test_mutation_scatter_plot.py::TestMutationScatterPlot::test_all_inputs_aminoacids
SUBFAILED(name='test3.default') tests/test_mutation_scatter_plot.py::TestMutationScatterPlot::test_all_inputs_aminoacids
SUBFAILED(name='test1.default') tests/test_mutation_scatter_plot.py::TestMutationScatterPlot::test_all_inputs_aminoacids_coolwarm_r
SUBFAILED(name='test2.x_after_count') tests/test_mutation_scatter_plot.py::TestMutationScatterPlot::test_all_inputs_aminoacids_coolwarm_r
SUBFAILED(name='test2_full.x_after_count') tests/test_mutation_scatter_plot.py::TestMutationScatterPlot::test_all_inputs_aminoacids_coolwarm_r
SUBFAILED(name='test3.default') tests/test_mutation_scatter_plot.py::TestMutationScatterPlot::test_all_inputs_aminoacids_coolwarm_r
SUBFAILED(name='test1.default') tests/test_mutation_scatter_plot.py::TestMutationScatterPlot::test_all_inputs_aminoacids_coolwarm_r_synonymous
SUBFAILED(name='test2.x_after_count') tests/test_mutation_scatter_plot.py::TestMutationScatterPlot::test_all_inputs_aminoacids_coolwarm_r_synonymous
SUBFAILED(name='test2_full.x_after_count') tests/test_mutation_scatter_plot.py::TestMutationScatterPlot::test_all_inputs_aminoacids_coolwarm_r_synonymous
SUBFAILED(name='test3.default') tests/test_mutation_scatter_plot.py::TestMutationScatterPlot::test_all_inputs_aminoacids_coolwarm_r_synonymous
SUBFAILED(name='test1.default') tests/test_mutation_scatter_plot.py::TestMutationScatterPlot::test_all_inputs_aminoacids_synonymous
SUBFAILED(name='test2.x_after_count') tests/test_mutation_scatter_plot.py::TestMutationScatterPlot::test_all_inputs_aminoacids_synonymous
SUBFAILED(name='test2_full.x_after_count') tests/test_mutation_scatter_plot.py::TestMutationScatterPlot::test_all_inputs_aminoacids_synonymous
SUBFAILED(name='test3.default') tests/test_mutation_scatter_plot.py::TestMutationScatterPlot::test_all_inputs_aminoacids_synonymous
SUBFAILED(name='test1.default') tests/test_mutation_scatter_plot.py::TestMutationScatterPlot::test_all_inputs_codons
SUBFAILED(name='test2.x_after_count') tests/test_mutation_scatter_plot.py::TestMutationScatterPlot::test_all_inputs_codons
SUBFAILED(name='test2_full.x_after_count') tests/test_mutation_scatter_plot.py::TestMutationScatterPlot::test_all_inputs_codons
SUBFAILED(name='test3.default') tests/test_mutation_scatter_plot.py::TestMutationScatterPlot::test_all_inputs_codons
SUBFAILED(name='test1.default') tests/test_mutation_scatter_plot.py::TestMutationScatterPlot::test_all_inputs_codons_coolwarm_r
SUBFAILED(name='test2.x_after_count') tests/test_mutation_scatter_plot.py::TestMutationScatterPlot::test_all_inputs_codons_coolwarm_r
SUBFAILED(name='test2_full.x_after_count') tests/test_mutation_scatter_plot.py::TestMutationScatterPlot::test_all_inputs_codons_coolwarm_r
SUBFAILED(name='test3.default') tests/test_mutation_scatter_plot.py::TestMutationScatterPlot::test_all_inputs_codons_coolwarm_r
SUBFAILED(name='test1.default') tests/test_mutation_scatter_plot.py::TestMutationScatterPlot::test_all_inputs_codons_coolwarm_r_synonymous
SUBFAILED(name='test2.x_after_count') tests/test_mutation_scatter_plot.py::TestMutationScatterPlot::test_all_inputs_codons_coolwarm_r_synonymous
SUBFAILED(name='test2_full.x_after_count') tests/test_mutation_scatter_plot.py::TestMutationScatterPlot::test_all_inputs_codons_coolwarm_r_synonymous
SUBFAILED(name='test3.default') tests/test_mutation_scatter_plot.py::TestMutationScatterPlot::test_all_inputs_codons_coolwarm_r_synonymous
SUBFAILED(name='test1.default') tests/test_mutation_scatter_plot.py::TestMutationScatterPlot::test_all_inputs_codons_synonymous
SUBFAILED(name='test2.x_after_count') tests/test_mutation_scatter_plot.py::TestMutationScatterPlot::test_all_inputs_codons_synonymous
SUBFAILED(name='test2_full.x_after_count') tests/test_mutation_scatter_plot.py::TestMutationScatterPlot::test_all_inputs_codons_synonymous
SUBFAILED(name='test3.default') tests/test_mutation_scatter_plot.py::TestMutationScatterPlot::test_all_inputs_codons_synonymous
FAILED tests/test_mutation_scatter_plot.py::TestMutationScatterPlot::test_display_suppression
FAILED tests/test_mutation_scatter_plot.py::TestMutationScatterPlot::test_score_zero_is_yellow_amino_acid_changes
FAILED tests/test_mutation_scatter_plot.py::TestMutationScatterPlot::test_synonymous_color_override_coolwarm_r
======================= 37 failed, 8448 passed in 37.64s =======================
